MySQL Shell 8.0.32

Copyright (c) 2016, 2023, Oracle and/or its affiliates.
Oracle is a registered trademark of Oracle Corporation and/or its affiliates.
Other names may be trademarks of their respective owners.

Type '\help' or '\?' for help; '\quit' to exit.
 MySQL  JS > \sql
Switching to SQL mode... Commands end with ;
 MySQL  SQL > \connect --mc root@Localhost
Creating a Classic session to 'root@Localhost'
Please provide the password for 'root@Localhost': ***************
Save password for 'root@Localhost'? [Y]es/[N]o/Ne[v]er (default No): N
Fetching global names for auto-completion... Press ^C to stop.
Your MySQL connection id is 10
Server version: 8.0.32 MySQL Community Server - GPL
No default schema selected; type \use <schema> to set one.
 MySQL  Localhost:3306 ssl  SQL > show databases;
+--------------------+
| Database           |
+--------------------+
| information_schema |
| mysql              |
| performance_schema |
| pokemon_world      |
| sakila             |
| sys                |
| world              |
+--------------------+
7 rows in set (0.0435 sec)
 MySQL  Localhost:3306 ssl  SQL > create database evaluacion_1;
Query OK, 1 row affected (0.0565 sec)
 MySQL  Localhost:3306 ssl  SQL > \use evaluacion_1;
Default schema set to `evaluacion_1`.
Fetching global names, object names from `evaluacion_1` for auto-completion... Press ^C to stop.
 MySQL  Localhost:3306 ssl  evaluacion_1  SQL > create table primer_tabla;
ERROR: 4028 (HY000): A table must have at least one visible column.
 MySQL  Localhost:3306 ssl  evaluacion_1  SQL > create table primer_tabla(
                                             -> id int,
                                             -> nombre varchar(50));
Query OK, 0 rows affected (0.3738 sec)
 MySQL  Localhost:3306 ssl  evaluacion_1  SQL > show table;
ERROR: 1064 (42000): You have an error in your SQL syntax; check the manual that corresponds to your MySQL server version for the right syntax to use near '' at line 1
 MySQL  Localhost:3306 ssl  evaluacion_1  SQL > show tables;
+------------------------+
| Tables_in_evaluacion_1 |
+------------------------+
| primer_tabla           |
+------------------------+
1 row in set (0.0366 sec)
 MySQL  Localhost:3306 ssl  evaluacion_1  SQL > desc primer_tabla;
+--------+-------------+------+-----+---------+-------+
| Field  | Type        | Null | Key | Default | Extra |
+--------+-------------+------+-----+---------+-------+
| id     | int         | YES  |     | NULL    |       |
| nombre | varchar(50) | YES  |     | NULL    |       |
+--------+-------------+------+-----+---------+-------+
2 rows in set (0.0672 sec)
 MySQL  Localhost:3306 ssl  evaluacion_1  SQL > alter table primer_tabla
                                             -> ;
Query OK, 0 rows affected (0.0715 sec)
 MySQL  Localhost:3306 ssl  evaluacion_1  SQL > add colum edad int
                                             -> after nombre;
ERROR: 1064 (42000): You have an error in your SQL syntax; check the manual that corresponds to your MySQL server version for the right syntax to use near 'add colum edad int
after nombre' at line 1
 MySQL  Localhost:3306 ssl  evaluacion_1  SQL > alter table primer_tabla add colum edad int after nombre;
ERROR: 1064 (42000): You have an error in your SQL syntax; check the manual that corresponds to your MySQL server version for the right syntax to use near 'edad int after nombre' at line 1
 MySQL  Localhost:3306 ssl  evaluacion_1  SQL > alter table primer_tabla
                                             -> add column edad int
                                             -> after nombre;
Query OK, 0 rows affected (0.1156 sec)

Records: 0  Duplicates: 0  Warnings: 0
 MySQL  Localhost:3306 ssl  evaluacion_1  SQL > desc primer tabla;
ERROR: 1146 (42S02): Table 'evaluacion_1.primer' doesn't exist
 MySQL  Localhost:3306 ssl  evaluacion_1  SQL > desc primer_tabla;
+--------+-------------+------+-----+---------+-------+
| Field  | Type        | Null | Key | Default | Extra |
+--------+-------------+------+-----+---------+-------+
| id     | int         | YES  |     | NULL    |       |
| nombre | varchar(50) | YES  |     | NULL    |       |
| edad   | int         | YES  |     | NULL    |       |
+--------+-------------+------+-----+---------+-------+
3 rows in set (0.0017 sec)
 MySQL  Localhost:3306 ssl  evaluacion_1  SQL > drop edad;
ERROR: 1064 (42000): You have an error in your SQL syntax; check the manual that corresponds to your MySQL server version for the right syntax to use near 'edad' at line 1
 MySQL  Localhost:3306 ssl  evaluacion_1  SQL > alter table primer_tabla
                                             -> drop edad;
Query OK, 0 rows affected (0.0433 sec)

Records: 0  Duplicates: 0  Warnings: 0
 MySQL  Localhost:3306 ssl  evaluacion_1  SQL > desc primer_tabla;
+--------+-------------+------+-----+---------+-------+
| Field  | Type        | Null | Key | Default | Extra |
+--------+-------------+------+-----+---------+-------+
| id     | int         | YES  |     | NULL    |       |
| nombre | varchar(50) | YES  |     | NULL    |       |
+--------+-------------+------+-----+---------+-------+
2 rows in set (0.0013 sec)
 MySQL  Localhost:3306 ssl  evaluacion_1  SQL > alter table primer_tabla
                                             -> add column apellidos varchar(50)
                                             -> after nombre;
Query OK, 0 rows affected (0.0547 sec)

Records: 0  Duplicates: 0  Warnings: 0
 MySQL  Localhost:3306 ssl  evaluacion_1  SQL > desc primer_tabla;
+-----------+-------------+------+-----+---------+-------+
| Field     | Type        | Null | Key | Default | Extra |
+-----------+-------------+------+-----+---------+-------+
| id        | int         | YES  |     | NULL    |       |
| nombre    | varchar(50) | YES  |     | NULL    |       |
| apellidos | varchar(50) | YES  |     | NULL    |       |
+-----------+-------------+------+-----+---------+-------+
3 rows in set (0.0016 sec)
 MySQL  Localhost:3306 ssl  evaluacion_1  SQL > alter table primer_tabla
                                             -> rename column apellidos to hapellidos;
Query OK, 0 rows affected (0.0604 sec)

Records: 0  Duplicates: 0  Warnings: 0
 MySQL  Localhost:3306 ssl  evaluacion_1  SQL > desc primer_tabla;
+------------+-------------+------+-----+---------+-------+
| Field      | Type        | Null | Key | Default | Extra |
+------------+-------------+------+-----+---------+-------+
| id         | int         | YES  |     | NULL    |       |
| nombre     | varchar(50) | YES  |     | NULL    |       |
| hapellidos | varchar(50) | YES  |     | NULL    |       |
+------------+-------------+------+-----+---------+-------+
3 rows in set (0.0014 sec)
 MySQL  Localhost:3306 ssl  evaluacion_1  SQL > alter table primer_tabla
                                             -> rename column hapellidos to apellidos;
Query OK, 0 rows affected (0.0610 sec)

Records: 0  Duplicates: 0  Warnings: 0
 MySQL  Localhost:3306 ssl  evaluacion_1  SQL > desc primer_tabla;
+-----------+-------------+------+-----+---------+-------+
| Field     | Type        | Null | Key | Default | Extra |
+-----------+-------------+------+-----+---------+-------+
| id        | int         | YES  |     | NULL    |       |
| nombre    | varchar(50) | YES  |     | NULL    |       |
| apellidos | varchar(50) | YES  |     | NULL    |       |
+-----------+-------------+------+-----+---------+-------+
3 rows in set (0.0017 sec)
 MySQL  Localhost:3306 ssl  evaluacion_1  SQL > alter table primer_tabla
                                             -> modify apellidos varchar(250);
Query OK, 0 rows affected (0.2137 sec)

Records: 0  Duplicates: 0  Warnings: 0
 MySQL  Localhost:3306 ssl  evaluacion_1  SQL > desc primer_tabla;
+-----------+--------------+------+-----+---------+-------+
| Field     | Type         | Null | Key | Default | Extra |
+-----------+--------------+------+-----+---------+-------+
| id        | int          | YES  |     | NULL    |       |
| nombre    | varchar(50)  | YES  |     | NULL    |       |
| apellidos | varchar(250) | YES  |     | NULL    |       |
+-----------+--------------+------+-----+---------+-------+
3 rows in set (0.0015 sec)
 MySQL  Localhost:3306 ssl  evaluacion_1  SQL > alter table primer_tabla
                                             -> modify nombre varchar(80);
Query OK, 0 rows affected (0.1872 sec)

Records: 0  Duplicates: 0  Warnings: 0
 MySQL  Localhost:3306 ssl  evaluacion_1  SQL > desc primer_tabla;
+-----------+--------------+------+-----+---------+-------+
| Field     | Type         | Null | Key | Default | Extra |
+-----------+--------------+------+-----+---------+-------+
| id        | int          | YES  |     | NULL    |       |
| nombre    | varchar(80)  | YES  |     | NULL    |       |
| apellidos | varchar(250) | YES  |     | NULL    |       |
+-----------+--------------+------+-----+---------+-------+
3 rows in set (0.0013 sec)
 MySQL  Localhost:3306 ssl  evaluacion_1  SQL > create table empleados;
ERROR: 4028 (HY000): A table must have at least one visible column.
 MySQL  Localhost:3306 ssl  evaluacion_1  SQL > create table empleados(
                                             -> id int, nombre varchar(50), apellido varchar(50),
                                             -> fecha_nacimiento text, estado int, numero_tel varchar(50));
Query OK, 0 rows affected (0.1468 sec)
 MySQL  Localhost:3306 ssl  evaluacion_1  SQL > show tables;
+------------------------+
| Tables_in_evaluacion_1 |
+------------------------+
| empleados              |
| primer_tabla           |
+------------------------+
2 rows in set (0.0013 sec)
 MySQL  Localhost:3306 ssl  evaluacion_1  SQL > desc empleados;
+------------------+-------------+------+-----+---------+-------+
| Field            | Type        | Null | Key | Default | Extra |
+------------------+-------------+------+-----+---------+-------+
| id               | int         | YES  |     | NULL    |       |
| nombre           | varchar(50) | YES  |     | NULL    |       |
| apellido         | varchar(50) | YES  |     | NULL    |       |
| fecha_nacimiento | text        | YES  |     | NULL    |       |
| estado           | int         | YES  |     | NULL    |       |
| numero_tel       | varchar(50) | YES  |     | NULL    |       |
+------------------+-------------+------+-----+---------+-------+
6 rows in set (0.0018 sec)
 MySQL  Localhost:3306 ssl  evaluacion_1  SQL > alter table empleados
                                             -> add column NSS varchar(20)
                                             -> after numero_tel;
Query OK, 0 rows affected (0.0780 sec)

Records: 0  Duplicates: 0  Warnings: 0
 MySQL  Localhost:3306 ssl  evaluacion_1  SQL > alter table empleados
                                             -> add column pais text(10)
                                             -> after fecha_nacimiento;
Query OK, 0 rows affected (0.0677 sec)

Records: 0  Duplicates: 0  Warnings: 0
 MySQL  Localhost:3306 ssl  evaluacion_1  SQL > alter table empleados
                                             -> modify numero_tel to celular;
ERROR: 1064 (42000): You have an error in your SQL syntax; check the manual that corresponds to your MySQL server version for the right syntax to use near 'to celular' at line 2
 MySQL  Localhost:3306 ssl  evaluacion_1  SQL > alter table empleados
                                             -> rename numero_tel to celular;
ERROR: 1064 (42000): You have an error in your SQL syntax; check the manual that corresponds to your MySQL server version for the right syntax to use near 'to celular' at line 2
 MySQL  Localhost:3306 ssl  evaluacion_1  SQL > MySQL Shell 8.0.32
                                             ->
                                             -> Copyright (c) 2016, 2023, Oracle and/or its affiliates.
                                             -> Oracle is a registered trademark of Oracle Corporation and/or its affiliates.
                                             -> Other names may be trademarks of their respective owners.
                                             ->
                                             -> Type '\help' or '\?' for help; '\quit' to exit.
ERROR: 1064 (42000): You have an error in your SQL syntax; check the manual that corresponds to your MySQL server version for the right syntax to use near 'MySQL Shell 8.0.32

Copyright (c) 2016, 2023, Oracle and/or its affiliates.
Orac' at line 1
                                             ->  MySQL  JS > \sql
                                             -> Switching to SQL mode... Commands end with ;
ERROR: Unknown command '\s'
ERROR: 1064 (42000): You have an error in your SQL syntax; check the manual that corresponds to your MySQL server version for the right syntax to use near ''\quit' to exit.
 MySQL  JS > ql
Switching to SQL mode... Commands end with' at line 1
 MySQL  Localhost:3306 ssl  evaluacion_1  SQL >  MySQL  SQL > \connect --mc root@Localhost
ERROR: Unknown command '\c'
                                             -> Creating a Classic session to 'root@Localhost'
                                             -> Please provide the password for 'root@Localhost': ***************
                                             -> Save password for 'root@Localhost'? [Y]es/[N]o/Ne[v]er (default No): N
                                             -> Fetching global names for auto-completion... Press ^C to stop.
                                             -> Your MySQL connection id is 10
                                             -> Server version: 8.0.32 MySQL Community Server - GPL
                                             -> No default schema selected; type \use <schema> to set one.
ERROR: 1064 (42000): You have an error in your SQL syntax; check the manual that corresponds to your MySQL server version for the right syntax to use near 'MySQL  SQL > onnect --mc root@Localhost
Creating a Classic session to 'root@Loca' at line 1
ERROR: Unknown command '\u'
                                             ->  MySQL  Localhost:3306 ssl  SQL > show databases;
ERROR: 1064 (42000): You have an error in your SQL syntax; check the manual that corresponds to your MySQL server version for the right syntax to use near 'type se <schema> to set one.
 MySQL  Localhost:3306 ssl  SQL > show databases' at line 1
 MySQL  Localhost:3306 ssl  evaluacion_1  SQL > +--------------------+
                                             -> | Database           |
                                             -> +--------------------+
                                             -> | information_schema |
                                             -> | mysql              |
                                             -> | performance_schema |
                                             -> | pokemon_world      |
                                             -> | sakila             |
                                             -> | sys                |
                                             -> | world              |
                                             -> +--------------------+
                                             -> 7 rows in set (0.0435 sec)
                                             ->  MySQL  Localhost:3306 ssl  SQL > create database evaluacion_1;
ERROR: 1064 (42000): You have an error in your SQL syntax; check the manual that corresponds to your MySQL server version for the right syntax to use near '+--------------------+
| Database           |
+--------------------+
| informati' at line 1
 MySQL  Localhost:3306 ssl  evaluacion_1  SQL > Query OK, 1 row affected (0.0565 sec)
                                             ->  MySQL  Localhost:3306 ssl  SQL > \use evaluacion_1;
ERROR: Unknown command '\u'
ERROR: 1064 (42000): You have an error in your SQL syntax; check the manual that corresponds to your MySQL server version for the right syntax to use near 'Query OK, 1 row affected (0.0565 sec)
 MySQL  Localhost:3306 ssl  SQL > se evalu' at line 1
 MySQL  Localhost:3306 ssl  evaluacion_1  SQL > Default schema set to `evaluacion_1`.
                                             -> Fetching global names, object names from `evaluacion_1` for auto-completion... Press ^C to stop.
                                             ->  MySQL  Localhost:3306 ssl  evaluacion_1  SQL > create table primer_tabla;
ERROR: 1064 (42000): You have an error in your SQL syntax; check the manual that corresponds to your MySQL server version for the right syntax to use near 'Default schema set to `evaluacion_1`.
Fetching global names, object names from `' at line 1
 MySQL  Localhost:3306 ssl  evaluacion_1  SQL > ERROR: 4028 (HY000): A table must have at least one visible column.
                                             ->  MySQL  Localhost:3306 ssl  evaluacion_1  SQL > create table primer_tabla(
                                             ->                                              -> id int,
                                             ->                                              -> nombre varchar(50));
ERROR: 1064 (42000): You have an error in your SQL syntax; check the manual that corresponds to your MySQL server version for the right syntax to use near 'ERROR: 4028 (HY000): A table must have at least one visible column.
 MySQL  Loca' at line 1
 MySQL  Localhost:3306 ssl  evaluacion_1  SQL > Query OK, 0 rows affected (0.3738 sec)
                                             ->  MySQL  Localhost:3306 ssl  evaluacion_1  SQL > show table;
ERROR: 1064 (42000): You have an error in your SQL syntax; check the manual that corresponds to your MySQL server version for the right syntax to use near 'Query OK, 0 rows affected (0.3738 sec)
 MySQL  Localhost:3306 ssl  evaluacion_1 ' at line 1
 MySQL  Localhost:3306 ssl  evaluacion_1  SQL > ERROR: 1064 (42000): You have an error in your SQL syntax; check the manual that corresponds to your MySQL server version for the right syntax to use near '' at line 1
ERROR: 1064 (42000): You have an error in your SQL syntax; check the manual that corresponds to your MySQL server version for the right syntax to use near 'ERROR: 1064 (42000): You have an error in your SQL syntax' at line 1
                                             ->  MySQL  Localhost:3306 ssl  evaluacion_1  SQL > show tables;
ERROR: 1064 (42000): You have an error in your SQL syntax; check the manual that corresponds to your MySQL server version for the right syntax to use near 'the manual that corresponds to your MySQL server version for the right syntax to' at line 1
 MySQL  Localhost:3306 ssl  evaluacion_1  SQL > +------------------------+
                                             -> | Tables_in_evaluacion_1 |
                                             -> +------------------------+
                                             -> | primer_tabla           |
                                             -> +------------------------+
                                             -> 1 row in set (0.0366 sec)
                                             ->  MySQL  Localhost:3306 ssl  evaluacion_1  SQL > desc primer_tabla;
ERROR: 1064 (42000): You have an error in your SQL syntax; check the manual that corresponds to your MySQL server version for the right syntax to use near '+------------------------+
| Tables_in_evaluacion_1 |
+------------------------+' at line 1
 MySQL  Localhost:3306 ssl  evaluacion_1  SQL > +--------+-------------+------+-----+---------+-------+
                                             -> | Field  | Type        | Null | Key | Default | Extra |
                                             -> +--------+-------------+------+-----+---------+-------+
                                             -> | id     | int         | YES  |     | NULL    |       |
                                             -> | nombre | varchar(50) | YES  |     | NULL    |       |
                                             -> +--------+-------------+------+-----+---------+-------+
                                             -> 2 rows in set (0.0672 sec)
                                             ->  MySQL  Localhost:3306 ssl  evaluacion_1  SQL > alter table primer_tabla
                                             ->                                              -> ;
ERROR: 1064 (42000): You have an error in your SQL syntax; check the manual that corresponds to your MySQL server version for the right syntax to use near '+--------+-------------+------+-----+---------+-------+
| Field  | Type        |' at line 1
 MySQL  Localhost:3306 ssl  evaluacion_1  SQL > Query OK, 0 rows affected (0.0715 sec)
                                             ->  MySQL  Localhost:3306 ssl  evaluacion_1  SQL > add colum edad int
                                             ->                                              -> after nombre;
ERROR: 1064 (42000): You have an error in your SQL syntax; check the manual that corresponds to your MySQL server version for the right syntax to use near 'Query OK, 0 rows affected (0.0715 sec)
 MySQL  Localhost:3306 ssl  evaluacion_1 ' at line 1
 MySQL  Localhost:3306 ssl  evaluacion_1  SQL > ERROR: 1064 (42000): You have an error in your SQL syntax; check the manual that corresponds to your MySQL server version for the right syntax to use near 'add colum edad int
ERROR: 1064 (42000): You have an error in your SQL syntax; check the manual that corresponds to your MySQL server version for the right syntax to use near 'ERROR: 1064 (42000): You have an error in your SQL syntax' at line 1
                                             '> after nombre' at line 1
                                             '>  MySQL  Localhost:3306 ssl  evaluacion_1  SQL > alter table primer_tabla add colum edad int after nombre;
ERROR: 1064 (42000): You have an error in your SQL syntax; check the manual that corresponds to your MySQL server version for the right syntax to use near 'the manual that corresponds to your MySQL server version for the right syntax to' at line 1
 MySQL  Localhost:3306 ssl  evaluacion_1  SQL > ERROR: 1064 (42000): You have an error in your SQL syntax; check the manual that corresponds to your MySQL server version for the right syntax to use near 'edad int after nombre' at line 1
ERROR: 1064 (42000): You have an error in your SQL syntax; check the manual that corresponds to your MySQL server version for the right syntax to use near 'ERROR: 1064 (42000): You have an error in your SQL syntax' at line 1
                                             ->  MySQL  Localhost:3306 ssl  evaluacion_1  SQL > alter table primer_tabla
                                             ->                                              -> add column edad int
                                             ->                                              -> after nombre;
ERROR: 1064 (42000): You have an error in your SQL syntax; check the manual that corresponds to your MySQL server version for the right syntax to use near 'the manual that corresponds to your MySQL server version for the right syntax to' at line 1
 MySQL  Localhost:3306 ssl  evaluacion_1  SQL > Query OK, 0 rows affected (0.1156 sec)
                                             ->
                                             -> Records: 0  Duplicates: 0  Warnings: 0
                                             ->  MySQL  Localhost:3306 ssl  evaluacion_1  SQL > desc primer tabla;
ERROR: 1064 (42000): You have an error in your SQL syntax; check the manual that corresponds to your MySQL server version for the right syntax to use near 'Query OK, 0 rows affected (0.1156 sec)

Records: 0  Duplicates: 0  Warnings: 0
 ' at line 1
 MySQL  Localhost:3306 ssl  evaluacion_1  SQL > ERROR: 1146 (42S02): Table 'evaluacion_1.primer' doesn't exist
                                             '>  MySQL  Localhost:3306 ssl  evaluacion_1  SQL > desc primer_tabla;
                                             '> +--------+-------------+------+-----+---------+-------+
                                             '> | Field  | Type        | Null | Key | Default | Extra |
                                             '> +--------+-------------+------+-----+---------+-------+
                                             '> | id     | int         | YES  |     | NULL    |       |
                                             '> | nombre | varchar(50) | YES  |     | NULL    |       |
                                             '> | edad   | int         | YES  |     | NULL    |       |
                                             '> +--------+-------------+------+-----+---------+-------+
                                             '> 3 rows in set (0.0017 sec)
                                             '>  MySQL  Localhost:3306 ssl  evaluacion_1  SQL > drop edad;
                                             '> ERROR: 1064 (42000): You have an error in your SQL syntax; check the manual that corresponds to your MySQL server version for the right syntax to use near 'edad' at line 1
                                             '>  MySQL  Localhost:3306 ssl  evaluacion_1  SQL > alter table primer_tabla
                                             '>                                              -> drop edad;
                                             '> Query OK, 0 rows affected (0.0433 sec)
                                             '>
                                             '> Records: 0  Duplicates: 0  Warnings: 0
                                             '>  MySQL  Localhost:3306 ssl  evaluacion_1  SQL > desc primer_tabla;
                                             '> +--------+-------------+------+-----+---------+-------+
                                             '> | Field  | Type        | Null | Key | Default | Extra |
                                             '> +--------+-------------+------+-----+---------+-------+
                                             '> | id     | int         | YES  |     | NULL    |       |
                                             '> | nombre | varchar(50) | YES  |     | NULL    |       |
                                             '> +--------+-------------+------+-----+---------+-------+
                                             '> 2 rows in set (0.0013 sec)
                                             '>  MySQL  Localhost:3306 ssl  evaluacion_1  SQL > alter table primer_tabla
                                             '>                                              -> add column apellidos varchar(50)
                                             '>                                              -> after nombre;
                                             '> Query OK, 0 rows affected (0.0547 sec)
                                             '>
                                             '> Records: 0  Duplicates: 0  Warnings: 0
                                             '>  MySQL  Localhost:3306 ssl  evaluacion_1  SQL > desc primer_tabla;
                                             '> +-----------+-------------+------+-----+---------+-------+
                                             '> | Field     | Type        | Null | Key | Default | Extra |
                                             '> +-----------+-------------+------+-----+---------+-------+
                                             '> | id        | int         | YES  |     | NULL    |       |
                                             '> | nombre    | varchar(50) | YES  |     | NULL    |       |
                                             '> | apellidos | varchar(50) | YES  |     | NULL    |       |
                                             '> +-----------+-------------+------+-----+---------+-------+
                                             '> 3 rows in set (0.0016 sec)
                                             '>  MySQL  Localhost:3306 ssl  evaluacion_1  SQL > alter table primer_tabla
                                             '>                                              -> rename column apellidos to hapellidos;
                                             '> Query OK, 0 rows affected (0.0604 sec)
                                             '>
                                             '> Records: 0  Duplicates: 0  Warnings: 0
                                             '>  MySQL  Localhost:3306 ssl  evaluacion_1  SQL > desc primer_tabla;
                                             '> +------------+-------------+------+-----+---------+-------+
                                             '> | Field      | Type        | Null | Key | Default | Extra |
                                             '> +------------+-------------+------+-----+---------+-------+
                                             '> | id         | int         | YES  |     | NULL    |       |
                                             '> | nombre     | varchar(50) | YES  |     | NULL    |       |
                                             '> | hapellidos | varchar(50) | YES  |     | NULL    |       |
                                             '> +------------+-------------+------+-----+---------+-------+
                                             '> 3 rows in set (0.0014 sec)
                                             '>  MySQL  Localhost:3306 ssl  evaluacion_1  SQL > alter table primer_tabla
                                             '>                                              -> rename column hapellidos to apellidos;
                                             '> Query OK, 0 rows affected (0.0610 sec)
                                             '>
                                             '> Records: 0  Duplicates: 0  Warnings: 0
                                             '>  MySQL  Localhost:3306 ssl  evaluacion_1  SQL > desc primer_tabla;
                                             '> +-----------+-------------+------+-----+---------+-------+
                                             '> | Field     | Type        | Null | Key | Default | Extra |
                                             '> +-----------+-------------+------+-----+---------+-------+
                                             '> | id        | int         | YES  |     | NULL    |       |
                                             '> | nombre    | varchar(50) | YES  |     | NULL    |       |
                                             '> | apellidos | varchar(50) | YES  |     | NULL    |       |
                                             '> +-----------+-------------+------+-----+---------+-------+
                                             '> 3 rows in set (0.0017 sec)
                                             '>  MySQL  Localhost:3306 ssl  evaluacion_1  SQL > alter table primer_tabla
                                             '>                                              -> modify apellidos varchar(250);
                                             '> Query OK, 0 rows affected (0.2137 sec)
                                             '>
                                             '> Records: 0  Duplicates: 0  Warnings: 0
                                             '>  MySQL  Localhost:3306 ssl  evaluacion_1  SQL > desc primer_tabla;
                                             '> +-----------+--------------+------+-----+---------+-------+
                                             '> | Field     | Type         | Null | Key | Default | Extra |
                                             '> +-----------+--------------+------+-----+---------+-------+
                                             '> | id        | int          | YES  |     | NULL    |       |
                                             '> | nombre    | varchar(50)  | YES  |     | NULL    |       |
                                             '> | apellidos | varchar(250) | YES  |     | NULL    |       |
                                             '> +-----------+--------------+------+-----+---------+-------+
                                             '> 3 rows in set (0.0015 sec)
                                             '>  MySQL  Localhost:3306 ssl  evaluacion_1  SQL > alter table primer_tabla
                                             '>                                              -> modify nombre varchar(80);
                                             '> Query OK, 0 rows affected (0.1872 sec)
                                             '>
                                             '> Records: 0  Duplicates: 0  Warnings: 0
                                             '>  MySQL  Localhost:3306 ssl  evaluacion_1  SQL > desc primer_tabla;
                                             '> +-----------+--------------+------+-----+---------+-------+
                                             '> | Field     | Type         | Null | Key | Default | Extra |
                                             '> +-----------+--------------+------+-----+---------+-------+
                                             '> | id        | int          | YES  |     | NULL    |       |
                                             '> | nombre    | varchar(80)  | YES  |     | NULL    |       |
                                             '> | apellidos | varchar(250) | YES  |     | NULL    |       |
                                             '> +-----------+--------------+------+-----+---------+-------+
                                             '> 3 rows in set (0.0013 sec)
                                             '>  MySQL  Localhost:3306 ssl  evaluacion_1  SQL >
                                             '> MySQL Shell 8.0.32
                                             '>
                                             '> Copyright (c) 2016, 2023, Oracle and/or its affiliates.
                                             '> Oracle is a registered trademark of Oracle Corporation and/or its affiliates.
                                             '> Other names may be trademarks of their respective owners.
                                             '>
                                             '> Type '\help' or '\?' for help; '\quit' to exit.
ERROR: Unknown command '\h'
ERROR: Unknown command '\?'
ERROR: Unknown command '\q'
                                             '>  MySQL  JS > \sql
                                             '> Switching to SQL mode... Commands end with ;
                                             '>  MySQL  SQL > \connect --mc root@Localhost
                                             '> Creating a Classic session to 'root@Localhost'
                                             '> Please provide the password for 'root@Localhost': ***************
                                             '> Save password for 'root@Localhost'? [Y]es/[N]o/Ne[v]er (default No): N
                                             '> Fetching global names for auto-completion... Press ^C to stop.
                                             '> Your MySQL connection id is 10
                                             '> Server version: 8.0.32 MySQL Community Server - GPL
                                             '> No default schema selected; type \use <schema> to set one.
                                             '>  MySQL  Localhost:3306 ssl  SQL > show databases;
                                             '> +--------------------+
                                             '> | Database           |
                                             '> +--------------------+
                                             '> | information_schema |
                                             '> | mysql              |
                                             '> | performance_schema |
                                             '> | pokemon_world      |
                                             '> | sakila             |
                                             '> | sys                |
                                             '> | world              |
                                             '> +--------------------+
                                             '> 7 rows in set (0.0435 sec)
                                             '>  MySQL  Localhost:3306 ssl  SQL > create database evaluacion_1;
                                             '> Query OK, 1 row affected (0.0565 sec)
                                             '>  MySQL  Localhost:3306 ssl  SQL > \use evaluacion_1;
                                             '> Default schema set to `evaluacion_1`.
                                             '> Fetching global names, object names from `evaluacion_1` for auto-completion... Press ^C to stop.
                                             '>  MySQL  Localhost:3306 ssl  evaluacion_1  SQL > create table primer_tabla;
                                             '> ERROR: 4028 (HY000): A table must have at least one visible column.
                                             '>  MySQL  Localhost:3306 ssl  evaluacion_1  SQL > create table primer_tabla(
                                             '>                                              -> id int,
                                             '>                                              -> nombre varchar(50));
                                             '> Query OK, 0 rows affected (0.3738 sec)
                                             '>  MySQL  Localhost:3306 ssl  evaluacion_1  SQL > show table;
                                             '> ERROR: 1064 (42000): You have an error in your SQL syntax; check the manual that corresponds to your MySQL server version for the right syntax to use near '' at line 1
                                             '>  MySQL  Localhost:3306 ssl  evaluacion_1  SQL > show tables;
                                             '> +------------------------+
                                             '> | Tables_in_evaluacion_1 |
                                             '> +------------------------+
                                             '> | primer_tabla           |
                                             '> +------------------------+
                                             '> 1 row in set (0.0366 sec)
                                             '>  MySQL  Localhost:3306 ssl  evaluacion_1  SQL > desc primer_tabla;
                                             '> +--------+-------------+------+-----+---------+-------+
                                             '> | Field  | Type        | Null | Key | Default | Extra |
                                             '> +--------+-------------+------+-----+---------+-------+
                                             '> | id     | int         | YES  |     | NULL    |       |
                                             '> | nombre | varchar(50) | YES  |     | NULL    |       |
                                             '> +--------+-------------+------+-----+---------+-------+
                                             '> 2 rows in set (0.0672 sec)
                                             '>  MySQL  Localhost:3306 ssl  evaluacion_1  SQL > alter table primer_tabla
                                             '>                                              -> ;
                                             '> Query OK, 0 rows affected (0.0715 sec)
                                             '>  MySQL  Localhost:3306 ssl  evaluacion_1  SQL > add colum edad int
                                             '>                                              -> after nombre;
                                             '> ERROR: 1064 (42000): You have an error in your SQL syntax; check the manual that corresponds to your MySQL server version for the right syntax to use near 'add colum edad int
                                             -> after nombre' at line 1
                                             '>  MySQL  Localhost:3306 ssl  evaluacion_1  SQL > alter table primer_tabla add colum edad int after nombre;
                                             '> ERROR: 1064 (42000): You have an error in your SQL syntax; check the manual that corresponds to your MySQL server version for the right syntax to use near 'edad int after nombre' at line 1
                                             '>  MySQL  Localhost:3306 ssl  evaluacion_1  SQL > alter table primer_tabla
                                             '>                                              -> add column edad int
                                             '>                                              -> after nombre;
                                             '> Query OK, 0 rows affected (0.1156 sec)
                                             '>
                                             '> Records: 0  Duplicates: 0  Warnings: 0
                                             '>  MySQL  Localhost:3306 ssl  evaluacion_1  SQL > desc primer tabla;
                                             '> ERROR: 1146 (42S02): Table 'evaluacion_1.primer' doesn't exist
                                             ->  MySQL  Localhost:3306 ssl  evaluacion_1  SQL > desc primer_tabla;
ERROR: 1064 (42000): You have an error in your SQL syntax; check the manual that corresponds to your MySQL server version for the right syntax to use near 'ERROR: 1146 (42S02): Table 'evaluacion_1.primer' doesn't exist
 MySQL  Localhost' at line 1
 MySQL  Localhost:3306 ssl  evaluacion_1  SQL > +--------+-------------+------+-----+---------+-------+
                                             -> | Field  | Type        | Null | Key | Default | Extra |
                                             -> +--------+-------------+------+-----+---------+-------+
                                             -> | id     | int         | YES  |     | NULL    |       |
                                             -> | nombre | varchar(50) | YES  |     | NULL    |       |
                                             -> | edad   | int         | YES  |     | NULL    |       |
                                             -> +--------+-------------+------+-----+---------+-------+
                                             -> 3 rows in set (0.0017 sec)
                                             ->  MySQL  Localhost:3306 ssl  evaluacion_1  SQL > drop edad;
ERROR: 1064 (42000): You have an error in your SQL syntax; check the manual that corresponds to your MySQL server version for the right syntax to use near '+--------+-------------+------+-----+---------+-------+
| Field  | Type        |' at line 1
 MySQL  Localhost:3306 ssl  evaluacion_1  SQL > ERROR: 1064 (42000): You have an error in your SQL syntax; check the manual that corresponds to your MySQL server version for the right syntax to use near 'edad' at line 1
ERROR: 1064 (42000): You have an error in your SQL syntax; check the manual that corresponds to your MySQL server version for the right syntax to use near 'ERROR: 1064 (42000): You have an error in your SQL syntax' at line 1
                                             ->  MySQL  Localhost:3306 ssl  evaluacion_1  SQL > alter table primer_tabla
                                             ->                                              -> drop edad;
ERROR: 1064 (42000): You have an error in your SQL syntax; check the manual that corresponds to your MySQL server version for the right syntax to use near 'the manual that corresponds to your MySQL server version for the right syntax to' at line 1
 MySQL  Localhost:3306 ssl  evaluacion_1  SQL > Query OK, 0 rows affected (0.0433 sec)
                                             ->
                                             -> Records: 0  Duplicates: 0  Warnings: 0
                                             ->  MySQL  Localhost:3306 ssl  evaluacion_1  SQL > desc primer_tabla;
ERROR: 1064 (42000): You have an error in your SQL syntax; check the manual that corresponds to your MySQL server version for the right syntax to use near 'Query OK, 0 rows affected (0.0433 sec)

Records: 0  Duplicates: 0  Warnings: 0
 ' at line 1
 MySQL  Localhost:3306 ssl  evaluacion_1  SQL > +--------+-------------+------+-----+---------+-------+
                                             -> | Field  | Type        | Null | Key | Default | Extra |
                                             -> +--------+-------------+------+-----+---------+-------+
                                             -> | id     | int         | YES  |     | NULL    |       |
                                             -> | nombre | varchar(50) | YES  |     | NULL    |       |
                                             -> +--------+-------------+------+-----+---------+-------+
                                             -> 2 rows in set (0.0013 sec)
                                             ->  MySQL  Localhost:3306 ssl  evaluacion_1  SQL > alter table primer_tabla
                                             ->                                              -> add column apellidos varchar(50)
                                             ->                                              -> after nombre;
ERROR: 1064 (42000): You have an error in your SQL syntax; check the manual that corresponds to your MySQL server version for the right syntax to use near '+--------+-------------+------+-----+---------+-------+
| Field  | Type        |' at line 1
 MySQL  Localhost:3306 ssl  evaluacion_1  SQL > Query OK, 0 rows affected (0.0547 sec)
                                             ->
                                             -> Records: 0  Duplicates: 0  Warnings: 0
                                             ->  MySQL  Localhost:3306 ssl  evaluacion_1  SQL > desc primer_tabla;
ERROR: 1064 (42000): You have an error in your SQL syntax; check the manual that corresponds to your MySQL server version for the right syntax to use near 'Query OK, 0 rows affected (0.0547 sec)

Records: 0  Duplicates: 0  Warnings: 0
 ' at line 1
 MySQL  Localhost:3306 ssl  evaluacion_1  SQL > +-----------+-------------+------+-----+---------+-------+
                                             -> | Field     | Type        | Null | Key | Default | Extra |
                                             -> +-----------+-------------+------+-----+---------+-------+
                                             -> | id        | int         | YES  |     | NULL    |       |
                                             -> | nombre    | varchar(50) | YES  |     | NULL    |       |
                                             -> | apellidos | varchar(50) | YES  |     | NULL    |       |
                                             -> +-----------+-------------+------+-----+---------+-------+
                                             -> 3 rows in set (0.0016 sec)
                                             ->  MySQL  Localhost:3306 ssl  evaluacion_1  SQL > alter table primer_tabla
                                             ->                                              -> rename column apellidos to hapellidos;
ERROR: 1064 (42000): You have an error in your SQL syntax; check the manual that corresponds to your MySQL server version for the right syntax to use near '+-----------+-------------+------+-----+---------+-------+
| Field     | Type   ' at line 1
 MySQL  Localhost:3306 ssl  evaluacion_1  SQL > Query OK, 0 rows affected (0.0604 sec)
                                             ->
                                             -> Records: 0  Duplicates: 0  Warnings: 0
                                             ->  MySQL  Localhost:3306 ssl  evaluacion_1  SQL > desc primer_tabla;
ERROR: 1064 (42000): You have an error in your SQL syntax; check the manual that corresponds to your MySQL server version for the right syntax to use near 'Query OK, 0 rows affected (0.0604 sec)

Records: 0  Duplicates: 0  Warnings: 0
 ' at line 1
 MySQL  Localhost:3306 ssl  evaluacion_1  SQL > +------------+-------------+------+-----+---------+-------+
                                             -> | Field      | Type        | Null | Key | Default | Extra |
                                             -> +------------+-------------+------+-----+---------+-------+
                                             -> | id         | int         | YES  |     | NULL    |       |
                                             -> | nombre     | varchar(50) | YES  |     | NULL    |       |
                                             -> | hapellidos | varchar(50) | YES  |     | NULL    |       |
                                             -> +------------+-------------+------+-----+---------+-------+
                                             -> 3 rows in set (0.0014 sec)
                                             ->  MySQL  Localhost:3306 ssl  evaluacion_1  SQL > alter table primer_tabla
                                             ->                                              -> rename column hapellidos to apellidos;
ERROR: 1064 (42000): You have an error in your SQL syntax; check the manual that corresponds to your MySQL server version for the right syntax to use near '+------------+-------------+------+-----+---------+-------+
| Field      | Type ' at line 1
 MySQL  Localhost:3306 ssl  evaluacion_1  SQL > Query OK, 0 rows affected (0.0610 sec)
                                             ->
                                             -> Records: 0  Duplicates: 0  Warnings: 0
                                             ->  MySQL  Localhost:3306 ssl  evaluacion_1  SQL > desc primer_tabla;
ERROR: 1064 (42000): You have an error in your SQL syntax; check the manual that corresponds to your MySQL server version for the right syntax to use near 'Query OK, 0 rows affected (0.0610 sec)

Records: 0  Duplicates: 0  Warnings: 0
 ' at line 1
 MySQL  Localhost:3306 ssl  evaluacion_1  SQL > +-----------+-------------+------+-----+---------+-------+
                                             -> | Field     | Type        | Null | Key | Default | Extra |
                                             -> +-----------+-------------+------+-----+---------+-------+
                                             -> | id        | int         | YES  |     | NULL    |       |
                                             -> | nombre    | varchar(50) | YES  |     | NULL    |       |
                                             -> | apellidos | varchar(50) | YES  |     | NULL    |       |
                                             -> +-----------+-------------+------+-----+---------+-------+
                                             -> 3 rows in set (0.0017 sec)
                                             ->  MySQL  Localhost:3306 ssl  evaluacion_1  SQL > alter table primer_tabla
                                             ->                                              -> modify apellidos varchar(250);
ERROR: 1064 (42000): You have an error in your SQL syntax; check the manual that corresponds to your MySQL server version for the right syntax to use near '+-----------+-------------+------+-----+---------+-------+
| Field     | Type   ' at line 1
 MySQL  Localhost:3306 ssl  evaluacion_1  SQL > Query OK, 0 rows affected (0.2137 sec)
                                             ->
                                             -> Records: 0  Duplicates: 0  Warnings: 0
                                             ->  MySQL  Localhost:3306 ssl  evaluacion_1  SQL > desc primer_tabla;
ERROR: 1064 (42000): You have an error in your SQL syntax; check the manual that corresponds to your MySQL server version for the right syntax to use near 'Query OK, 0 rows affected (0.2137 sec)

Records: 0  Duplicates: 0  Warnings: 0
 ' at line 1
 MySQL  Localhost:3306 ssl  evaluacion_1  SQL > +-----------+--------------+------+-----+---------+-------+
                                             -> | Field     | Type         | Null | Key | Default | Extra |
                                             -> +-----------+--------------+------+-----+---------+-------+
                                             -> | id        | int          | YES  |     | NULL    |       |
                                             -> | nombre    | varchar(50)  | YES  |     | NULL    |       |
                                             -> | apellidos | varchar(250) | YES  |     | NULL    |       |
                                             -> +-----------+--------------+------+-----+---------+-------+
                                             -> 3 rows in set (0.0015 sec)
                                             ->  MySQL  Localhost:3306 ssl  evaluacion_1  SQL > alter table primer_tabla
                                             ->                                              -> modify nombre varchar(80);
ERROR: 1064 (42000): You have an error in your SQL syntax; check the manual that corresponds to your MySQL server version for the right syntax to use near '+-----------+--------------+------+-----+---------+-------+
| Field     | Type  ' at line 1
 MySQL  Localhost:3306 ssl  evaluacion_1  SQL > Query OK, 0 rows affected (0.1872 sec)
                                             ->
                                             -> Records: 0  Duplicates: 0  Warnings: 0
                                             ->  MySQL  Localhost:3306 ssl  evaluacion_1  SQL > desc primer_tabla;
ERROR: 1064 (42000): You have an error in your SQL syntax; check the manual that corresponds to your MySQL server version for the right syntax to use near 'Query OK, 0 rows affected (0.1872 sec)

Records: 0  Duplicates: 0  Warnings: 0
 ' at line 1
 MySQL  Localhost:3306 ssl  evaluacion_1  SQL > +-----------+--------------+------+-----+---------+-------+
                                             -> | Field     | Type         | Null | Key | Default | Extra |
                                             -> +-----------+--------------+------+-----+---------+-------+
                                             -> | id        | int          | YES  |     | NULL    |       |
                                             -> | nombre    | varchar(80)  | YES  |     | NULL    |       |
                                             -> | apellidos | varchar(250) | YES  |     | NULL    |       |
                                             -> +-----------+--------------+------+-----+---------+-------+
                                             -> 3 rows in set (0.0013 sec)
                                             ->  MySQL  Localhost:3306 ssl  evaluacion_1  SQL >
                                             -> MySQL Shell 8.0.32
                                             ->
                                             -> Copyright (c) 2016, 2023, Oracle and/or its affiliates.
                                             -> Oracle is a registered trademark of Oracle Corporation and/or its affiliates.
                                             -> Other names may be trademarks of their respective owners.
                                             ->
                                             -> Type '\help' or '\?' for help; '\quit' to exit.
ERROR: 1064 (42000): You have an error in your SQL syntax; check the manual that corresponds to your MySQL server version for the right syntax to use near '+-----------+--------------+------+-----+---------+-------+
| Field     | Type  ' at line 1
                                             ->  MySQL  JS > \sql
                                             -> Switching to SQL mode... Commands end with ;
ERROR: Unknown command '\s'
ERROR: 1064 (42000): You have an error in your SQL syntax; check the manual that corresponds to your MySQL server version for the right syntax to use near ''\quit' to exit.
 MySQL  JS > ql
Switching to SQL mode... Commands end with' at line 1
 MySQL  Localhost:3306 ssl  evaluacion_1  SQL >  MySQL  SQL > \connect --mc root@Localhost
ERROR: Unknown command '\c'
                                             -> Creating a Classic session to 'root@Localhost'
                                             -> Please provide the password for 'root@Localhost': ***************
                                             -> Save password for 'root@Localhost'? [Y]es/[N]o/Ne[v]er (default No): N
                                             -> Fetching global names for auto-completion... Press ^C to stop.
                                             -> Your MySQL connection id is 10
                                             -> Server version: 8.0.32 MySQL Community Server - GPL
                                             -> No default schema selected; type \use <schema> to set one.
ERROR: 1064 (42000): You have an error in your SQL syntax; check the manual that corresponds to your MySQL server version for the right syntax to use near 'MySQL  SQL > onnect --mc root@Localhost
Creating a Classic session to 'root@Loca' at line 1
ERROR: Unknown command '\u'
                                             ->  MySQL  Localhost:3306 ssl  SQL > show databases;
ERROR: 1064 (42000): You have an error in your SQL syntax; check the manual that corresponds to your MySQL server version for the right syntax to use near 'type se <schema> to set one.
 MySQL  Localhost:3306 ssl  SQL > show databases' at line 1
 MySQL  Localhost:3306 ssl  evaluacion_1  SQL > +--------------------+
                                             -> | Database           |
                                             -> +--------------------+
                                             -> | information_schema |
                                             -> | mysql              |
                                             -> | performance_schema |
                                             -> | pokemon_world      |
                                             -> | sakila             |
                                             -> | sys                |
                                             -> | world              |
                                             -> +--------------------+
                                             -> 7 rows in set (0.0435 sec)
                                             ->  MySQL  Localhost:3306 ssl  SQL > create database evaluacion_1;
ERROR: 1064 (42000): You have an error in your SQL syntax; check the manual that corresponds to your MySQL server version for the right syntax to use near '+--------------------+
| Database           |
+--------------------+
| informati' at line 1
 MySQL  Localhost:3306 ssl  evaluacion_1  SQL > Query OK, 1 row affected (0.0565 sec)
                                             ->  MySQL  Localhost:3306 ssl  SQL > \use evaluacion_1;
ERROR: Unknown command '\u'
ERROR: 1064 (42000): You have an error in your SQL syntax; check the manual that corresponds to your MySQL server version for the right syntax to use near 'Query OK, 1 row affected (0.0565 sec)
 MySQL  Localhost:3306 ssl  SQL > se evalu' at line 1
 MySQL  Localhost:3306 ssl  evaluacion_1  SQL > Default schema set to `evaluacion_1`.
                                             -> Fetching global names, object names from `evaluacion_1` for auto-completion... Press ^C to stop.
                                             ->  MySQL  Localhost:3306 ssl  evaluacion_1  SQL > create table primer_tabla;
ERROR: 1064 (42000): You have an error in your SQL syntax; check the manual that corresponds to your MySQL server version for the right syntax to use near 'Default schema set to `evaluacion_1`.
Fetching global names, object names from `' at line 1
 MySQL  Localhost:3306 ssl  evaluacion_1  SQL > ERROR: 4028 (HY000): A table must have at least one visible column.
                                             ->  MySQL  Localhost:3306 ssl  evaluacion_1  SQL > create table primer_tabla(
                                             ->                                              -> id int,
                                             ->                                              -> nombre varchar(50));
ERROR: 1064 (42000): You have an error in your SQL syntax; check the manual that corresponds to your MySQL server version for the right syntax to use near 'ERROR: 4028 (HY000): A table must have at least one visible column.
 MySQL  Loca' at line 1
 MySQL  Localhost:3306 ssl  evaluacion_1  SQL > Query OK, 0 rows affected (0.3738 sec)
                                             ->  MySQL  Localhost:3306 ssl  evaluacion_1  SQL > show table;
ERROR: 1064 (42000): You have an error in your SQL syntax; check the manual that corresponds to your MySQL server version for the right syntax to use near 'Query OK, 0 rows affected (0.3738 sec)
 MySQL  Localhost:3306 ssl  evaluacion_1 ' at line 1
 MySQL  Localhost:3306 ssl  evaluacion_1  SQL > ERROR: 1064 (42000): You have an error in your SQL syntax; check the manual that corresponds to your MySQL server version for the right syntax to use near '' at line 1
ERROR: 1064 (42000): You have an error in your SQL syntax; check the manual that corresponds to your MySQL server version for the right syntax to use near 'ERROR: 1064 (42000): You have an error in your SQL syntax' at line 1
                                             ->  MySQL  Localhost:3306 ssl  evaluacion_1  SQL > show tables;
ERROR: 1064 (42000): You have an error in your SQL syntax; check the manual that corresponds to your MySQL server version for the right syntax to use near 'the manual that corresponds to your MySQL server version for the right syntax to' at line 1
 MySQL  Localhost:3306 ssl  evaluacion_1  SQL > +------------------------+
                                             -> | Tables_in_evaluacion_1 |
                                             -> +------------------------+
                                             -> | primer_tabla           |
                                             -> +------------------------+
                                             -> 1 row in set (0.0366 sec)
                                             ->  MySQL  Localhost:3306 ssl  evaluacion_1  SQL > desc primer_tabla;
ERROR: 1064 (42000): You have an error in your SQL syntax; check the manual that corresponds to your MySQL server version for the right syntax to use near '+------------------------+
| Tables_in_evaluacion_1 |
+------------------------+' at line 1
 MySQL  Localhost:3306 ssl  evaluacion_1  SQL > +--------+-------------+------+-----+---------+-------+
                                             -> | Field  | Type        | Null | Key | Default | Extra |
                                             -> +--------+-------------+------+-----+---------+-------+
                                             -> | id     | int         | YES  |     | NULL    |       |
                                             -> | nombre | varchar(50) | YES  |     | NULL    |       |
                                             -> +--------+-------------+------+-----+---------+-------+
                                             -> 2 rows in set (0.0672 sec)
                                             ->  MySQL  Localhost:3306 ssl  evaluacion_1  SQL > alter table primer_tabla
                                             ->                                              -> ;
ERROR: 1064 (42000): You have an error in your SQL syntax; check the manual that corresponds to your MySQL server version for the right syntax to use near '+--------+-------------+------+-----+---------+-------+
| Field  | Type        |' at line 1
 MySQL  Localhost:3306 ssl  evaluacion_1  SQL > Query OK, 0 rows affected (0.0715 sec)
                                             ->  MySQL  Localhost:3306 ssl  evaluacion_1  SQL > add colum edad int
                                             ->                                              -> after nombre;
ERROR: 1064 (42000): You have an error in your SQL syntax; check the manual that corresponds to your MySQL server version for the right syntax to use near 'Query OK, 0 rows affected (0.0715 sec)
 MySQL  Localhost:3306 ssl  evaluacion_1 ' at line 1
 MySQL  Localhost:3306 ssl  evaluacion_1  SQL > ERROR: 1064 (42000): You have an error in your SQL syntax; check the manual that corresponds to your MySQL server version for the right syntax to use near 'add colum edad int
ERROR: 1064 (42000): You have an error in your SQL syntax; check the manual that corresponds to your MySQL server version for the right syntax to use near 'ERROR: 1064 (42000): You have an error in your SQL syntax' at line 1
                                             '> after nombre' at line 1
                                             '>  MySQL  Localhost:3306 ssl  evaluacion_1  SQL > alter table primer_tabla add colum edad int after nombre;
ERROR: 1064 (42000): You have an error in your SQL syntax; check the manual that corresponds to your MySQL server version for the right syntax to use near 'the manual that corresponds to your MySQL server version for the right syntax to' at line 1
 MySQL  Localhost:3306 ssl  evaluacion_1  SQL > ERROR: 1064 (42000): You have an error in your SQL syntax; check the manual that corresponds to your MySQL server version for the right syntax to use near 'edad int after nombre' at line 1
ERROR: 1064 (42000): You have an error in your SQL syntax; check the manual that corresponds to your MySQL server version for the right syntax to use near 'ERROR: 1064 (42000): You have an error in your SQL syntax' at line 1
                                             ->  MySQL  Localhost:3306 ssl  evaluacion_1  SQL > alter table primer_tabla
                                             ->                                              -> add column edad int
                                             ->                                              -> after nombre;
ERROR: 1064 (42000): You have an error in your SQL syntax; check the manual that corresponds to your MySQL server version for the right syntax to use near 'the manual that corresponds to your MySQL server version for the right syntax to' at line 1
 MySQL  Localhost:3306 ssl  evaluacion_1  SQL > Query OK, 0 rows affected (0.1156 sec)
                                             ->
                                             -> Records: 0  Duplicates: 0  Warnings: 0
                                             ->  MySQL  Localhost:3306 ssl  evaluacion_1  SQL > desc primer tabla;
ERROR: 1064 (42000): You have an error in your SQL syntax; check the manual that corresponds to your MySQL server version for the right syntax to use near 'Query OK, 0 rows affected (0.1156 sec)

Records: 0  Duplicates: 0  Warnings: 0
 ' at line 1
 MySQL  Localhost:3306 ssl  evaluacion_1  SQL > ERROR: 1146 (42S02): Table 'evaluacion_1.primer' doesn't exist
                                             '>  MySQL  Localhost:3306 ssl  evaluacion_1  SQL > desc primer_tabla;
                                             '> +--------+-------------+------+-----+---------+-------+
                                             '> | Field  | Type        | Null | Key | Default | Extra |
                                             '> +--------+-------------+------+-----+---------+-------+
                                             '> | id     | int         | YES  |     | NULL    |       |
                                             '> | nombre | varchar(50) | YES  |     | NULL    |       |
                                             '> | edad   | int         | YES  |     | NULL    |       |
                                             '> +--------+-------------+------+-----+---------+-------+
                                             '> 3 rows in set (0.0017 sec)
                                             '>  MySQL  Localhost:3306 ssl  evaluacion_1  SQL > drop edad;
                                             '> ERROR: 1064 (42000): You have an error in your SQL syntax; check the manual that corresponds to your MySQL server version for the right syntax to use near 'edad' at line 1
                                             '>  MySQL  Localhost:3306 ssl  evaluacion_1  SQL > alter table primer_tabla
                                             '>                                              -> drop edad;
                                             '> Query OK, 0 rows affected (0.0433 sec)
                                             '>
                                             '> Records: 0  Duplicates: 0  Warnings: 0
                                             '>  MySQL  Localhost:3306 ssl  evaluacion_1  SQL > desc primer_tabla;
                                             '> +--------+-------------+------+-----+---------+-------+
                                             '> | Field  | Type        | Null | Key | Default | Extra |
                                             '> +--------+-------------+------+-----+---------+-------+
                                             '> | id     | int         | YES  |     | NULL    |       |
                                             '> | nombre | varchar(50) | YES  |     | NULL    |       |
                                             '> +--------+-------------+------+-----+---------+-------+
                                             '> 2 rows in set (0.0013 sec)
                                             '>  MySQL  Localhost:3306 ssl  evaluacion_1  SQL > alter table primer_tabla
                                             '>                                              -> add column apellidos varchar(50)
                                             '>                                              -> after nombre;
                                             '> Query OK, 0 rows affected (0.0547 sec)
                                             '>
                                             '> Records: 0  Duplicates: 0  Warnings: 0
                                             '>  MySQL  Localhost:3306 ssl  evaluacion_1  SQL > desc primer_tabla;
                                             '> +-----------+-------------+------+-----+---------+-------+
                                             '> | Field     | Type        | Null | Key | Default | Extra |
                                             '> +-----------+-------------+------+-----+---------+-------+
                                             '> | id        | int         | YES  |     | NULL    |       |
                                             '> | nombre    | varchar(50) | YES  |     | NULL    |       |
                                             '> | apellidos | varchar(50) | YES  |     | NULL    |       |
                                             '> +-----------+-------------+------+-----+---------+-------+
                                             '> 3 rows in set (0.0016 sec)
                                             '>  MySQL  Localhost:3306 ssl  evaluacion_1  SQL > alter table primer_tabla
                                             '>                                              -> rename column apellidos to hapellidos;
                                             '> Query OK, 0 rows affected (0.0604 sec)
                                             '>
                                             '> Records: 0  Duplicates: 0  Warnings: 0
                                             '>  MySQL  Localhost:3306 ssl  evaluacion_1  SQL > desc primer_tabla;
                                             '> +------------+-------------+------+-----+---------+-------+
                                             '> | Field      | Type        | Null | Key | Default | Extra |
                                             '> +------------+-------------+------+-----+---------+-------+
                                             '> | id         | int         | YES  |     | NULL    |       |
                                             '> | nombre     | varchar(50) | YES  |     | NULL    |       |
                                             '> | hapellidos | varchar(50) | YES  |     | NULL    |       |
                                             '> +------------+-------------+------+-----+---------+-------+
                                             '> 3 rows in set (0.0014 sec)
                                             '>  MySQL  Localhost:3306 ssl  evaluacion_1  SQL > alter table primer_tabla
                                             '>                                              -> rename column hapellidos to apellidos;
                                             '> Query OK, 0 rows affected (0.0610 sec)
                                             '>
                                             '> Records: 0  Duplicates: 0  Warnings: 0
                                             '>  MySQL  Localhost:3306 ssl  evaluacion_1  SQL > desc primer_tabla;
                                             '> +-----------+-------------+------+-----+---------+-------+
                                             '> | Field     | Type        | Null | Key | Default | Extra |
                                             '> +-----------+-------------+------+-----+---------+-------+
                                             '> | id        | int         | YES  |     | NULL    |       |
                                             '> | nombre    | varchar(50) | YES  |     | NULL    |       |
                                             '> | apellidos | varchar(50) | YES  |     | NULL    |       |
                                             '> +-----------+-------------+------+-----+---------+-------+
                                             '> 3 rows in set (0.0017 sec)
                                             '>  MySQL  Localhost:3306 ssl  evaluacion_1  SQL > alter table primer_tabla
                                             '>                                              -> modify apellidos varchar(250);
                                             '> Query OK, 0 rows affected (0.2137 sec)
                                             '>
                                             '> Records: 0  Duplicates: 0  Warnings: 0
                                             '>  MySQL  Localhost:3306 ssl  evaluacion_1  SQL > desc primer_tabla;
                                             '> +-----------+--------------+------+-----+---------+-------+
                                             '> | Field     | Type         | Null | Key | Default | Extra |
                                             '> +-----------+--------------+------+-----+---------+-------+
                                             '> | id        | int          | YES  |     | NULL    |       |
                                             '> | nombre    | varchar(50)  | YES  |     | NULL    |       |
                                             '> | apellidos | varchar(250) | YES  |     | NULL    |       |
                                             '> +-----------+--------------+------+-----+---------+-------+
                                             '> 3 rows in set (0.0015 sec)
                                             '>  MySQL  Localhost:3306 ssl  evaluacion_1  SQL > alter table primer_tabla
                                             '>                                              -> modify nombre varchar(80);
                                             '> Query OK, 0 rows affected (0.1872 sec)
                                             '>
                                             '> Records: 0  Duplicates: 0  Warnings: 0
                                             '>  MySQL  Localhost:3306 ssl  evaluacion_1  SQL > desc primer_tabla;
                                             '> +-----------+--------------+------+-----+---------+-------+
                                             '> | Field     | Type         | Null | Key | Default | Extra |
                                             '> +-----------+--------------+------+-----+---------+-------+
                                             '> | id        | int          | YES  |     | NULL    |       |
                                             '> | nombre    | varchar(80)  | YES  |     | NULL    |       |
                                             '> | apellidos | varchar(250) | YES  |     | NULL    |       |
                                             '> +-----------+--------------+------+-----+---------+-------+
                                             '> 3 rows in set (0.0013 sec)
                                             '>  MySQL  Localhost:3306 ssl  evaluacion_1  SQL >
                                             '> MySQL Shell 8.0.32
                                             '>
                                             '> Copyright (c) 2016, 2023, Oracle and/or its affiliates.
                                             '> Oracle is a registered trademark of Oracle Corporation and/or its affiliates.
                                             '> Other names may be trademarks of their respective owners.
                                             '>
                                             '> Type '\help' or '\?' for help; '\quit' to exit.
ERROR: Unknown command '\h'
ERROR: Unknown command '\?'
ERROR: Unknown command '\q'
                                             '>  MySQL  JS > \sql
                                             '> Switching to SQL mode... Commands end with ;
                                             '>  MySQL  SQL > \connect --mc root@Localhost
                                             '> Creating a Classic session to 'root@Localhost'
                                             '> Please provide the password for 'root@Localhost': ***************
                                             '> Save password for 'root@Localhost'? [Y]es/[N]o/Ne[v]er (default No): N
                                             '> Fetching global names for auto-completion... Press ^C to stop.
                                             '> Your MySQL connection id is 10
                                             '> Server version: 8.0.32 MySQL Community Server - GPL
                                             '> No default schema selected; type \use <schema> to set one.
                                             '>  MySQL  Localhost:3306 ssl  SQL > show databases;
                                             '> +--------------------+
                                             '> | Database           |
                                             '> +--------------------+
                                             '> | information_schema |
                                             '> | mysql              |
                                             '> | performance_schema |
                                             '> | pokemon_world      |
                                             '> | sakila             |
                                             '> | sys                |
                                             '> | world              |
                                             '> +--------------------+
                                             '> 7 rows in set (0.0435 sec)
                                             '>  MySQL  Localhost:3306 ssl  SQL > create database evaluacion_1;
                                             '> Query OK, 1 row affected (0.0565 sec)
                                             '>  MySQL  Localhost:3306 ssl  SQL > \use evaluacion_1;
                                             '> Default schema set to `evaluacion_1`.
                                             '> Fetching global names, object names from `evaluacion_1` for auto-completion... Press ^C to stop.
                                             '>  MySQL  Localhost:3306 ssl  evaluacion_1  SQL > create table primer_tabla;
                                             '> ERROR: 4028 (HY000): A table must have at least one visible column.
                                             '>  MySQL  Localhost:3306 ssl  evaluacion_1  SQL > create table primer_tabla(
                                             '>                                              -> id int,
                                             '>                                              -> nombre varchar(50));
                                             '> Query OK, 0 rows affected (0.3738 sec)
                                             '>  MySQL  Localhost:3306 ssl  evaluacion_1  SQL > show table;
                                             '> ERROR: 1064 (42000): You have an error in your SQL syntax; check the manual that corresponds to your MySQL server version for the right syntax to use near '' at line 1
                                             '>  MySQL  Localhost:3306 ssl  evaluacion_1  SQL > show tables;
                                             '> +------------------------+
                                             '> | Tables_in_evaluacion_1 |
                                             '> +------------------------+
                                             '> | primer_tabla           |
                                             '> +------------------------+
                                             '> 1 row in set (0.0366 sec)
                                             '>  MySQL  Localhost:3306 ssl  evaluacion_1  SQL > desc primer_tabla;
                                             '> +--------+-------------+------+-----+---------+-------+
                                             '> | Field  | Type        | Null | Key | Default | Extra |
                                             '> +--------+-------------+------+-----+---------+-------+
                                             '> | id     | int         | YES  |     | NULL    |       |
                                             '> | nombre | varchar(50) | YES  |     | NULL    |       |
                                             '> +--------+-------------+------+-----+---------+-------+
                                             '> 2 rows in set (0.0672 sec)
                                             '>  MySQL  Localhost:3306 ssl  evaluacion_1  SQL > alter table primer_tabla
                                             '>                                              -> ;
                                             '> Query OK, 0 rows affected (0.0715 sec)
                                             '>  MySQL  Localhost:3306 ssl  evaluacion_1  SQL > add colum edad int
                                             '>                                              -> after nombre;
                                             '> ERROR: 1064 (42000): You have an error in your SQL syntax; check the manual that corresponds to your MySQL server version for the right syntax to use near 'add colum edad int
                                             -> after nombre' at line 1
                                             '>  MySQL  Localhost:3306 ssl  evaluacion_1  SQL > alter table primer_tabla add colum edad int after nombre;
                                             '> ERROR: 1064 (42000): You have an error in your SQL syntax; check the manual that corresponds to your MySQL server version for the right syntax to use near 'edad int after nombre' at line 1
                                             '>  MySQL  Localhost:3306 ssl  evaluacion_1  SQL > alter table primer_tabla
                                             '>                                              -> add column edad int
                                             '>                                              -> after nombre;
                                             '> Query OK, 0 rows affected (0.1156 sec)
                                             '>
                                             '> Records: 0  Duplicates: 0  Warnings: 0
                                             '>  MySQL  Localhost:3306 ssl  evaluacion_1  SQL > desc primer tabla;
                                             '> ERROR: 1146 (42S02): Table 'evaluacion_1.primer' doesn't exist
                                             ->  MySQL  Localhost:3306 ssl  evaluacion_1  SQL > desc primer_tabla;
ERROR: 1064 (42000): You have an error in your SQL syntax; check the manual that corresponds to your MySQL server version for the right syntax to use near 'ERROR: 1146 (42S02): Table 'evaluacion_1.primer' doesn't exist
 MySQL  Localhost' at line 1
 MySQL  Localhost:3306 ssl  evaluacion_1  SQL > +--------+-------------+------+-----+---------+-------+
                                             -> | Field  | Type        | Null | Key | Default | Extra |
                                             -> +--------+-------------+------+-----+---------+-------+
                                             -> | id     | int         | YES  |     | NULL    |       |
                                             -> | nombre | varchar(50) | YES  |     | NULL    |       |
                                             -> | edad   | int         | YES  |     | NULL    |       |
                                             -> +--------+-------------+------+-----+---------+-------+
                                             -> 3 rows in set (0.0017 sec)
                                             ->  MySQL  Localhost:3306 ssl  evaluacion_1  SQL > drop edad;
ERROR: 1064 (42000): You have an error in your SQL syntax; check the manual that corresponds to your MySQL server version for the right syntax to use near '+--------+-------------+------+-----+---------+-------+
| Field  | Type        |' at line 1
 MySQL  Localhost:3306 ssl  evaluacion_1  SQL > ERROR: 1064 (42000): You have an error in your SQL syntax; check the manual that corresponds to your MySQL server version for the right syntax to use near 'edad' at line 1
ERROR: 1064 (42000): You have an error in your SQL syntax; check the manual that corresponds to your MySQL server version for the right syntax to use near 'ERROR: 1064 (42000): You have an error in your SQL syntax' at line 1
                                             ->  MySQL  Localhost:3306 ssl  evaluacion_1  SQL > alter table primer_tabla
                                             ->                                              -> drop edad;
ERROR: 1064 (42000): You have an error in your SQL syntax; check the manual that corresponds to your MySQL server version for the right syntax to use near 'the manual that corresponds to your MySQL server version for the right syntax to' at line 1
 MySQL  Localhost:3306 ssl  evaluacion_1  SQL > Query OK, 0 rows affected (0.0433 sec)
                                             ->
                                             -> Records: 0  Duplicates: 0  Warnings: 0
                                             ->  MySQL  Localhost:3306 ssl  evaluacion_1  SQL > desc primer_tabla;
ERROR: 1064 (42000): You have an error in your SQL syntax; check the manual that corresponds to your MySQL server version for the right syntax to use near 'Query OK, 0 rows affected (0.0433 sec)

Records: 0  Duplicates: 0  Warnings: 0
 ' at line 1
 MySQL  Localhost:3306 ssl  evaluacion_1  SQL > +--------+-------------+------+-----+---------+-------+
                                             -> | Field  | Type        | Null | Key | Default | Extra |
                                             -> +--------+-------------+------+-----+---------+-------+
                                             -> | id     | int         | YES  |     | NULL    |       |
                                             -> | nombre | varchar(50) | YES  |     | NULL    |       |
                                             -> +--------+-------------+------+-----+---------+-------+
                                             -> 2 rows in set (0.0013 sec)
                                             ->  MySQL  Localhost:3306 ssl  evaluacion_1  SQL > alter table primer_tabla
                                             ->                                              -> add column apellidos varchar(50)
                                             ->                                              -> after nombre;
ERROR: 1064 (42000): You have an error in your SQL syntax; check the manual that corresponds to your MySQL server version for the right syntax to use near '+--------+-------------+------+-----+---------+-------+
| Field  | Type        |' at line 1
 MySQL  Localhost:3306 ssl  evaluacion_1  SQL > Query OK, 0 rows affected (0.0547 sec)
                                             ->
                                             -> Records: 0  Duplicates: 0  Warnings: 0
                                             ->  MySQL  Localhost:3306 ssl  evaluacion_1  SQL > desc primer_tabla;
ERROR: 1064 (42000): You have an error in your SQL syntax; check the manual that corresponds to your MySQL server version for the right syntax to use near 'Query OK, 0 rows affected (0.0547 sec)

Records: 0  Duplicates: 0  Warnings: 0
 ' at line 1
 MySQL  Localhost:3306 ssl  evaluacion_1  SQL > +-----------+-------------+------+-----+---------+-------+
                                             -> | Field     | Type        | Null | Key | Default | Extra |
                                             -> +-----------+-------------+------+-----+---------+-------+
                                             -> | id        | int         | YES  |     | NULL    |       |
                                             -> | nombre    | varchar(50) | YES  |     | NULL    |       |
                                             -> | apellidos | varchar(50) | YES  |     | NULL    |       |
                                             -> +-----------+-------------+------+-----+---------+-------+
                                             -> 3 rows in set (0.0016 sec)
                                             ->  MySQL  Localhost:3306 ssl  evaluacion_1  SQL > alter table primer_tabla
                                             ->                                              -> rename column apellidos to hapellidos;
ERROR: 1064 (42000): You have an error in your SQL syntax; check the manual that corresponds to your MySQL server version for the right syntax to use near '+-----------+-------------+------+-----+---------+-------+
| Field     | Type   ' at line 1
 MySQL  Localhost:3306 ssl  evaluacion_1  SQL > Query OK, 0 rows affected (0.0604 sec)
                                             ->
                                             -> Records: 0  Duplicates: 0  Warnings: 0
                                             ->  MySQL  Localhost:3306 ssl  evaluacion_1  SQL > desc primer_tabla;
ERROR: 1064 (42000): You have an error in your SQL syntax; check the manual that corresponds to your MySQL server version for the right syntax to use near 'Query OK, 0 rows affected (0.0604 sec)

Records: 0  Duplicates: 0  Warnings: 0
 ' at line 1
 MySQL  Localhost:3306 ssl  evaluacion_1  SQL > +------------+-------------+------+-----+---------+-------+
                                             -> | Field      | Type        | Null | Key | Default | Extra |
                                             -> +------------+-------------+------+-----+---------+-------+
                                             -> | id         | int         | YES  |     | NULL    |       |
                                             -> | nombre     | varchar(50) | YES  |     | NULL    |       |
                                             -> | hapellidos | varchar(50) | YES  |     | NULL    |       |
                                             -> +------------+-------------+------+-----+---------+-------+
                                             -> 3 rows in set (0.0014 sec)
                                             ->  MySQL  Localhost:3306 ssl  evaluacion_1  SQL > alter table primer_tabla
                                             ->                                              -> rename column hapellidos to apellidos;
ERROR: 1064 (42000): You have an error in your SQL syntax; check the manual that corresponds to your MySQL server version for the right syntax to use near '+------------+-------------+------+-----+---------+-------+
| Field      | Type ' at line 1
 MySQL  Localhost:3306 ssl  evaluacion_1  SQL > Query OK, 0 rows affected (0.0610 sec)
                                             ->
                                             -> Records: 0  Duplicates: 0  Warnings: 0
                                             ->  MySQL  Localhost:3306 ssl  evaluacion_1  SQL > desc primer_tabla;
ERROR: 1064 (42000): You have an error in your SQL syntax; check the manual that corresponds to your MySQL server version for the right syntax to use near 'Query OK, 0 rows affected (0.0610 sec)

Records: 0  Duplicates: 0  Warnings: 0
 ' at line 1
 MySQL  Localhost:3306 ssl  evaluacion_1  SQL > +-----------+-------------+------+-----+---------+-------+
                                             -> | Field     | Type        | Null | Key | Default | Extra |
                                             -> +-----------+-------------+------+-----+---------+-------+
                                             -> | id        | int         | YES  |     | NULL    |       |
                                             -> | nombre    | varchar(50) | YES  |     | NULL    |       |
                                             -> | apellidos | varchar(50) | YES  |     | NULL    |       |
                                             -> +-----------+-------------+------+-----+---------+-------+
                                             -> 3 rows in set (0.0017 sec)
                                             ->  MySQL  Localhost:3306 ssl  evaluacion_1  SQL > alter table primer_tabla
                                             ->                                              -> modify apellidos varchar(250);
ERROR: 1064 (42000): You have an error in your SQL syntax; check the manual that corresponds to your MySQL server version for the right syntax to use near '+-----------+-------------+------+-----+---------+-------+
| Field     | Type   ' at line 1
 MySQL  Localhost:3306 ssl  evaluacion_1  SQL > Query OK, 0 rows affected (0.2137 sec)
                                             ->
                                             -> Records: 0  Duplicates: 0  Warnings: 0
                                             ->  MySQL  Localhost:3306 ssl  evaluacion_1  SQL > desc primer_tabla;
ERROR: 1064 (42000): You have an error in your SQL syntax; check the manual that corresponds to your MySQL server version for the right syntax to use near 'Query OK, 0 rows affected (0.2137 sec)

Records: 0  Duplicates: 0  Warnings: 0
 ' at line 1
 MySQL  Localhost:3306 ssl  evaluacion_1  SQL > +-----------+--------------+------+-----+---------+-------+
                                             -> | Field     | Type         | Null | Key | Default | Extra |
                                             -> +-----------+--------------+------+-----+---------+-------+
                                             -> | id        | int          | YES  |     | NULL    |       |
                                             -> | nombre    | varchar(50)  | YES  |     | NULL    |       |
                                             -> | apellidos | varchar(250) | YES  |     | NULL    |       |
                                             -> +-----------+--------------+------+-----+---------+-------+
                                             -> 3 rows in set (0.0015 sec)
                                             ->  MySQL  Localhost:3306 ssl  evaluacion_1  SQL > alter table primer_tabla
                                             ->                                              -> modify nombre varchar(80);
ERROR: 1064 (42000): You have an error in your SQL syntax; check the manual that corresponds to your MySQL server version for the right syntax to use near '+-----------+--------------+------+-----+---------+-------+
| Field     | Type  ' at line 1
 MySQL  Localhost:3306 ssl  evaluacion_1  SQL > Query OK, 0 rows affected (0.1872 sec)
                                             ->
                                             -> Records: 0  Duplicates: 0  Warnings: 0
                                             ->  MySQL  Localhost:3306 ssl  evaluacion_1  SQL > desc primer_tabla;
ERROR: 1064 (42000): You have an error in your SQL syntax; check the manual that corresponds to your MySQL server version for the right syntax to use near 'Query OK, 0 rows affected (0.1872 sec)

Records: 0  Duplicates: 0  Warnings: 0
 ' at line 1
 MySQL  Localhost:3306 ssl  evaluacion_1  SQL > +-----------+--------------+------+-----+---------+-------+
                                             -> | Field     | Type         | Null | Key | Default | Extra |
                                             -> +-----------+--------------+------+-----+---------+-------+
                                             -> | id        | int          | YES  |     | NULL    |       |
                                             -> | nombre    | varchar(80)  | YES  |     | NULL    |       |
                                             -> | apellidos | varchar(250) | YES  |     | NULL    |       |
                                             -> +-----------+--------------+------+-----+---------+-------+
                                             -> 3 rows in set (0.0013 sec)
                                             ->  MySQL  Localhost:3306 ssl  evaluacion_1  SQL >
                                             ->
                                             ->
                                             -> :
                                             -> .
                                             -> desc empleados;
ERROR: 1064 (42000): You have an error in your SQL syntax; check the manual that corresponds to your MySQL server version for the right syntax to use near '+-----------+--------------+------+-----+---------+-------+
| Field     | Type  ' at line 1
 MySQL  Localhost:3306 ssl  evaluacion_1  SQL > desc empleados;
+------------------+-------------+------+-----+---------+-------+
| Field            | Type        | Null | Key | Default | Extra |
+------------------+-------------+------+-----+---------+-------+
| id               | int         | YES  |     | NULL    |       |
| nombre           | varchar(50) | YES  |     | NULL    |       |
| apellido         | varchar(50) | YES  |     | NULL    |       |
| fecha_nacimiento | text        | YES  |     | NULL    |       |
| pais             | tinytext    | YES  |     | NULL    |       |
| estado           | int         | YES  |     | NULL    |       |
| numero_tel       | varchar(50) | YES  |     | NULL    |       |
| NSS              | varchar(20) | YES  |     | NULL    |       |
+------------------+-------------+------+-----+---------+-------+
8 rows in set (0.0017 sec)
 MySQL  Localhost:3306 ssl  evaluacion_1  SQL > alter table empleados
                                             -> rename numero_tel to celular;
ERROR: 1064 (42000): You have an error in your SQL syntax; check the manual that corresponds to your MySQL server version for the right syntax to use near 'to celular' at line 2
 MySQL  Localhost:3306 ssl  evaluacion_1  SQL > alter table empleados
                                             -> rename column numero_tel celular;
ERROR: 1064 (42000): You have an error in your SQL syntax; check the manual that corresponds to your MySQL server version for the right syntax to use near 'celular' at line 2
 MySQL  Localhost:3306 ssl  evaluacion_1  SQL > alter table empleados
                                             -> rename column numero_tel to celular;
Query OK, 0 rows affected (0.3093 sec)

Records: 0  Duplicates: 0  Warnings: 0
 MySQL  Localhost:3306 ssl  evaluacion_1  SQL > alter table empleados
                                             -> add column tel_fijo
                                             -> after NSS;
ERROR: 1064 (42000): You have an error in your SQL syntax; check the manual that corresponds to your MySQL server version for the right syntax to use near 'after NSS' at line 3
 MySQL  Localhost:3306 ssl  evaluacion_1  SQL > alter table empleados
                                             -> add column tel_fijo varchar(15)
                                             -> after NSS;
Query OK, 0 rows affected (0.0372 sec)

Records: 0  Duplicates: 0  Warnings: 0
 MySQL  Localhost:3306 ssl  evaluacion_1  SQL > alter table empleados
                                             -> add column id_depto varchar(10)
                                             -> after id;
Query OK, 0 rows affected (0.0681 sec)

Records: 0  Duplicates: 0  Warnings: 0
 MySQL  Localhost:3306 ssl  evaluacion_1  SQL > desc empleados;
+------------------+-------------+------+-----+---------+-------+
| Field            | Type        | Null | Key | Default | Extra |
+------------------+-------------+------+-----+---------+-------+
| id               | int         | YES  |     | NULL    |       |
| id_depto         | varchar(10) | YES  |     | NULL    |       |
| nombre           | varchar(50) | YES  |     | NULL    |       |
| apellido         | varchar(50) | YES  |     | NULL    |       |
| fecha_nacimiento | text        | YES  |     | NULL    |       |
| pais             | tinytext    | YES  |     | NULL    |       |
| estado           | int         | YES  |     | NULL    |       |
| celular          | varchar(50) | YES  |     | NULL    |       |
| NSS              | varchar(20) | YES  |     | NULL    |       |
| tel_fijo         | varchar(15) | YES  |     | NULL    |       |
+------------------+-------------+------+-----+---------+-------+
10 rows in set (0.0015 sec)
 MySQL  Localhost:3306 ssl  evaluacion_1  SQL > alter table empleados
                                             -> add column rfc varchar(15)
                                             -> after fecha_nacimiento;
Query OK, 0 rows affected (0.0599 sec)

Records: 0  Duplicates: 0  Warnings: 0
 MySQL  Localhost:3306 ssl  evaluacion_1  SQL > desc empleados;
+------------------+-------------+------+-----+---------+-------+
| Field            | Type        | Null | Key | Default | Extra |
+------------------+-------------+------+-----+---------+-------+
| id               | int         | YES  |     | NULL    |       |
| id_depto         | varchar(10) | YES  |     | NULL    |       |
| nombre           | varchar(50) | YES  |     | NULL    |       |
| apellido         | varchar(50) | YES  |     | NULL    |       |
| fecha_nacimiento | text        | YES  |     | NULL    |       |
| rfc              | varchar(15) | YES  |     | NULL    |       |
| pais             | tinytext    | YES  |     | NULL    |       |
| estado           | int         | YES  |     | NULL    |       |
| celular          | varchar(50) | YES  |     | NULL    |       |
| NSS              | varchar(20) | YES  |     | NULL    |       |
| tel_fijo         | varchar(15) | YES  |     | NULL    |       |
+------------------+-------------+------+-----+---------+-------+
11 rows in set (0.0014 sec)
 MySQL  Localhost:3306 ssl  evaluacion_1  SQL > alter table empleados
                                             -> add column iniciales varchar(10)
                                             -> after fecha_nacimiento
                                             -> ;
Query OK, 0 rows affected (0.0676 sec)

Records: 0  Duplicates: 0  Warnings: 0
 MySQL  Localhost:3306 ssl  evaluacion_1  SQL > desc empleados;
+------------------+-------------+------+-----+---------+-------+
| Field            | Type        | Null | Key | Default | Extra |
+------------------+-------------+------+-----+---------+-------+
| id               | int         | YES  |     | NULL    |       |
| id_depto         | varchar(10) | YES  |     | NULL    |       |
| nombre           | varchar(50) | YES  |     | NULL    |       |
| apellido         | varchar(50) | YES  |     | NULL    |       |
| fecha_nacimiento | text        | YES  |     | NULL    |       |
| iniciales        | varchar(10) | YES  |     | NULL    |       |
| rfc              | varchar(15) | YES  |     | NULL    |       |
| pais             | tinytext    | YES  |     | NULL    |       |
| estado           | int         | YES  |     | NULL    |       |
| celular          | varchar(50) | YES  |     | NULL    |       |
| NSS              | varchar(20) | YES  |     | NULL    |       |
| tel_fijo         | varchar(15) | YES  |     | NULL    |       |
+------------------+-------------+------+-----+---------+-------+
12 rows in set (0.0017 sec)
 MySQL  Localhost:3306 ssl  evaluacion_1  SQL >
